**Table 1- column 1
. logit midon allies contig capratio smGDP3 lgGDP3 smldmat lrgdmat smldev dydtr
> de ptntfly2 pt2GDPs pt2GDPl pt2dydtr midonspl midonsp1 midonsp2 midonsp3 hegG
> DP_1, cluster(dyadid)

Logit estimates                                   Number of obs   =      20990
                                                  Wald chi2(16)   =     791.74
                                                  Prob > chi2     =     0.0000
Log likelihood = -2176.5408                       Pseudo R2       =     0.2354

                           (standard errors adjusted for clustering on dyadid)
------------------------------------------------------------------------------
         |               Robust
   midon |      Coef.   Std. Err.       z     P>|z|       [95% Conf. Interval]
---------+--------------------------------------------------------------------
  allies |    -.12926   .1692118     -0.764   0.445      -.4609091     .202389
  contig |   1.343167   .1547815      8.678   0.000       1.039801    1.646533
capratio |  -.0026708   .0009172     -2.912   0.004      -.0044685   -.0008732
  smGDP3 |   1.76e-09   4.09e-10      4.288   0.000       9.53e-10    2.56e-09
  lgGDP3 |   2.64e-10   8.71e-11      3.036   0.002       9.37e-11    4.35e-10
 smldmat |  -.0415011   .0132742     -3.126   0.002       -.067518   -.0154842
 lrgdmat |   .0301554    .010114      2.982   0.003       .0103322    .0499786
  smldev |   -.017888   .0112483     -1.590   0.112      -.0399343    .0041583
 dydtrde |  -1.24e-08   9.96e-09     -1.248   0.212      -3.19e-08    7.09e-09
ptntfly2 |  -.2124309   .1731329     -1.227   0.220      -.5517652    .1269034
 pt2GDPs |   6.60e-09   2.11e-09      3.128   0.002       2.46e-09    1.07e-08
 pt2GDPl |  -3.48e-10   4.19e-10     -0.830   0.406      -1.17e-09    4.74e-10
pt2dydtr |  -3.05e-07   8.68e-08     -3.521   0.000      -4.76e-07   -1.35e-07
midonspl |  -.3663332   .0493533     -7.423   0.000      -.4630638   -.2696026
midonsp1 |  -.0041539   .0014955     -2.778   0.005       -.007085   -.0012229
midonsp2 |   .0025367   .0011802      2.149   0.032       .0002235    .0048499
midonsp3 |  -.0010162    .000562     -1.808   0.071      -.0021177    .0000853
hegGDP_1 |  -6.203597   1.469551     -4.221   0.000      -9.083864   -3.323329
   _cons |  -1.238037   .4677602     -2.647   0.008       -2.15483   -.3212437
------------------------------------------------------------------------------

Note: 12 failures and 0 successes completely determined.

. **Table 1, column 2
. ologit onlevb allies contig capratio smGDP3 lgGDP3 smldmat lrgdmat smldev dyd
> trde ptntfly2 pt2GDPs pt2GDPl pt2dydtr olog1spl olog2spl olog1sp1 olog1sp2 ol
> og2sp1 olog2sp2 hegGDP_1, cluster(dyadid)

Ordered logit estimates                           Number of obs   =      20990
                                                  Wald chi2(18)   =     620.63
                                                  Prob > chi2     =     0.0000
Log likelihood = -2545.4463                       Pseudo R2       =     0.1993

                           (standard errors adjusted for clustering on dyadid)
------------------------------------------------------------------------------
         |               Robust
  onlevb |      Coef.   Std. Err.       z     P>|z|       [95% Conf. Interval]
---------+--------------------------------------------------------------------
  allies |  -.1491746   .1773173     -0.841   0.400      -.4967101     .198361
  contig |   1.383382   .1610908      8.588   0.000        1.06765    1.699115
capratio |  -.0026615   .0009316     -2.857   0.004      -.0044875   -.0008355
  smGDP3 |   2.01e-09   4.02e-10      4.992   0.000       1.22e-09    2.80e-09
  lgGDP3 |   2.45e-10   9.36e-11      2.618   0.009       6.16e-11    4.29e-10
 smldmat |  -.0446566   .0136067     -3.282   0.001      -.0713252   -.0179881
 lrgdmat |   .0331047   .0103509      3.198   0.001       .0128173     .053392
  smldev |  -.0224287   .0115408     -1.943   0.052      -.0450483    .0001909
 dydtrde |  -1.29e-08   9.40e-09     -1.374   0.169      -3.13e-08    5.51e-09
ptntfly2 |     -.1735   .1867439     -0.929   0.353      -.5395112    .1925113
 pt2GDPs |   6.96e-09   2.70e-09      2.577   0.010       1.67e-09    1.23e-08
 pt2GDPl |  -4.57e-10   5.58e-10     -0.818   0.413      -1.55e-09    6.37e-10
pt2dydtr |  -3.40e-07   1.02e-07     -3.337   0.001      -5.40e-07   -1.40e-07
olog1spl |   .1195408   .0409966      2.916   0.004        .039189    .1998926
olog2spl |  -.3137273   .0418305     -7.500   0.000      -.3957135    -.231741
olog1sp1 |   .0014093   .0004513      3.123   0.002       .0005247     .002294
olog1sp2 |  -.0009748   .0003322     -2.934   0.003      -.0016258   -.0003237
olog2sp1 |  -.0016104   .0005503     -2.926   0.003       -.002689   -.0005318
olog2sp2 |   .0007622   .0003695      2.063   0.039        .000038    .0014864
hegGDP_1 |  -5.776679   1.904821     -3.033   0.002      -9.510061   -2.043298
---------+--------------------------------------------------------------------
   _cut1 |    1.72143   .6384867             (Ancillary parameters)
   _cut2 |   2.007854   .6329341  
------------------------------------------------------------------------------
Note: 94 observations completely determined.  Standard errors questionable.

. ** mlogit results w/spline
. mlogit onlevb allies contig capratio smGDP3 lgGDP3 smldmat lrgdmat smldev dyd
> trde ptntfly2 pt2GDPs pt2GDPl pt2dydtr olog1spl olog2spl olog1sp1 olog1sp2 ol
> og2sp1 olog2sp2 hegGDP_1, cluster(dyadid)

Multinomial regression                            Number of obs   =      20990
                                                  Wald chi2(36)   =    1164.30
                                                  Prob > chi2     =     0.0000
Log likelihood = -2518.5832                       Pseudo R2       =     0.2078

                           (standard errors adjusted for clustering on dyadid)
------------------------------------------------------------------------------
         |               Robust
  onlevb |      Coef.   Std. Err.       z     P>|z|       [95% Conf. Interval]
---------+--------------------------------------------------------------------
1        |
  allies |   .1075876   .3008515      0.358   0.721      -.4820705    .6972457
  contig |   1.338708   .2839314      4.715   0.000       .7822129    1.895204
capratio |  -.0057883   .0019765     -2.928   0.003      -.0096622   -.0019143
  smGDP3 |   2.40e-09   4.93e-10      4.864   0.000       1.43e-09    3.37e-09
  lgGDP3 |   3.32e-10   1.66e-10      1.998   0.046       6.33e-12    6.59e-10
 smldmat |  -.0261681   .0183694     -1.425   0.154      -.0621713    .0098352
 lrgdmat |   .0388189   .0172097      2.256   0.024       .0050886    .0725493
  smldev |   .0066868   .0248556      0.269   0.788      -.0420293    .0554028
 dydtrde |  -8.93e-08   6.41e-08     -1.393   0.164      -2.15e-07    3.63e-08
ptntfly2 |  -.2279004    .350594     -0.650   0.516       -.915052    .4592511
 pt2GDPs |   5.19e-09   5.31e-09      0.976   0.329      -5.23e-09    1.56e-08
 pt2GDPl |  -1.29e-10   1.16e-09     -0.111   0.911      -2.39e-09    2.14e-09
pt2dydtr |  -3.97e-07   1.96e-07     -2.018   0.044      -7.82e-07   -1.14e-08
olog1spl |  -.0670371   .0675503     -0.992   0.321      -.1994333    .0653591
olog2spl |  -.1154214   .0742706     -1.554   0.120      -.2609891    .0301462
olog1sp1 |   .0001179   .0007849      0.150   0.881      -.0014204    .0016563
olog1sp2 |  -.0002008   .0005707     -0.352   0.725      -.0013194    .0009177
olog2sp1 |  -.0001081   .0009524     -0.114   0.910      -.0019748    .0017586
olog2sp2 |  -.0000641   .0006219     -0.103   0.918      -.0012829    .0011547
hegGDP_1 |  -11.30654   3.808699     -2.969   0.003      -18.77145   -3.841624
   _cons |  -1.548664   1.201572     -1.289   0.197      -3.903701    .8063733
---------+--------------------------------------------------------------------
2        |
  allies |  -.2036577   .1865056     -1.092   0.275       -.569202    .1618866
  contig |   1.412456   .1639079      8.617   0.000       1.091202    1.733709
capratio |  -.0021271    .000843     -2.523   0.012      -.0037793   -.0004749
  smGDP3 |   2.20e-09   4.10e-10      5.353   0.000       1.39e-09    3.00e-09
  lgGDP3 |   2.42e-10   1.03e-10      2.357   0.018       4.08e-11    4.43e-10
 smldmat |  -.0489514   .0156907     -3.120   0.002      -.0797046   -.0181983
 lrgdmat |   .0310587   .0103183      3.010   0.003       .0108352    .0512823
  smldev |  -.0309214   .0118391     -2.612   0.009      -.0541256   -.0077171
 dydtrde |  -9.81e-09   8.10e-09     -1.211   0.226      -2.57e-08    6.07e-09
ptntfly2 |  -.1551223   .1940258     -0.799   0.424      -.5354058    .2251612
 pt2GDPs |   7.06e-09   2.86e-09      2.469   0.014       1.46e-09    1.27e-08
 pt2GDPl |  -5.23e-10   6.31e-10     -0.829   0.407      -1.76e-09    7.14e-10
pt2dydtr |  -3.09e-07   1.05e-07     -2.937   0.003      -5.15e-07   -1.03e-07
olog1spl |   .1556805   .0437893      3.555   0.000        .069855     .241506
olog2spl |  -.3514412   .0435286     -8.074   0.000      -.4367557   -.2661267
olog1sp1 |   .0016538   .0005018      3.296   0.001       .0006704    .0026372
olog1sp2 |  -.0011236   .0003713     -3.026   0.002      -.0018513   -.0003959
olog2sp1 |  -.0019068   .0006176     -3.087   0.002      -.0031173   -.0006962
olog2sp2 |   .0009462   .0004256      2.224   0.026       .0001122    .0017803
hegGDP_1 |  -4.286476   1.895887     -2.261   0.024      -8.002347   -.5706056
   _cons |  -2.472595   .6454206     -3.831   0.000      -3.737596   -1.207594
------------------------------------------------------------------------------
(Outcome onlevb==0 is the comparison group)

. **table 1, column 3
. logit dispute allies contig capratio smGDP3 lgGDP3 smldmat lrgdmat smldev dyd
> trde ptntfly2 pt2GDPs pt2GDPl pt2dydtr midxspl midxsp1 midxsp2 midxsp3 hegGDP
> _1, cluster(dyadid)

Logit estimates                                   Number of obs   =      20990
                                                  Wald chi2(16)   =     928.36
                                                  Prob > chi2     =     0.0000
Log likelihood = -2509.9485                       Pseudo R2       =     0.3497

                           (standard errors adjusted for clustering on dyadid)
------------------------------------------------------------------------------
         |               Robust
 dispute |      Coef.   Std. Err.       z     P>|z|       [95% Conf. Interval]
---------+--------------------------------------------------------------------
  allies |  -.1443597   .1686014     -0.856   0.392      -.4748123     .186093
  contig |   .7687632   .1808167      4.252   0.000       .4143688    1.123157
capratio |  -.0027609   .0009477     -2.913   0.004      -.0046183   -.0009036
  smGDP3 |   1.72e-09   3.85e-10      4.460   0.000       9.63e-10    2.47e-09
  lgGDP3 |   1.82e-10   9.50e-11      1.920   0.055      -3.84e-12    3.69e-10
 smldmat |  -.0531508   .0134346     -3.956   0.000      -.0794821   -.0268195
 lrgdmat |   .0259334   .0108318      2.394   0.017       .0047034    .0471634
  smldev |  -.0043057   .0123977     -0.347   0.728      -.0286048    .0199934
 dydtrde |  -1.32e-08   1.17e-08     -1.123   0.261      -3.61e-08    9.80e-09
ptntfly2 |  -.1989571   .1833979     -1.085   0.278      -.5584104    .1604962
 pt2GDPs |   6.12e-09   2.70e-09      2.263   0.024       8.21e-10    1.14e-08
 pt2GDPl |  -3.65e-10   5.73e-10     -0.637   0.524      -1.49e-09    7.58e-10
pt2dydtr |  -3.00e-07   1.07e-07     -2.807   0.005      -5.09e-07   -9.05e-08
 midxspl |  -.8408255   .0577943    -14.549   0.000      -.9541003   -.7275507
 midxsp1 |  -.0146447    .001667     -8.785   0.000      -.0179119   -.0113775
 midxsp2 |   .0087504   .0012981      6.741   0.000       .0062062    .0112947
 midxsp3 |  -.0027415   .0006115     -4.483   0.000      -.0039399    -.001543
hegGDP_1 |  -9.324069   1.375971     -6.776   0.000      -12.02092   -6.627216
   _cons |   1.035769   .4724282      2.192   0.028       .1098273    1.961712
------------------------------------------------------------------------------

Note: 14 failures and 0 successes completely determined.

. logit midon allies contig capratio smGDP3 lgGDP3 smldmat lrgdmat smldev dydtr
> de ptntfly2 pt2GDPs pt2GDPl pt2dydtr midonspl midonsp1 midonsp2 midonsp3 hegG
> DP_1 if ec_1~=1, cluster(dyadid)

Logit estimates                                   Number of obs   =      20583
                                                  Wald chi2(16)   =     783.81
                                                  Prob > chi2     =     0.0000
Log likelihood = -2174.5242                       Pseudo R2       =     0.2327

                           (standard errors adjusted for clustering on dyadid)
------------------------------------------------------------------------------
         |               Robust
   midon |      Coef.   Std. Err.       z     P>|z|       [95% Conf. Interval]
---------+--------------------------------------------------------------------
  allies |  -.1219807   .1685596     -0.724   0.469      -.4523514      .20839
  contig |   1.342221   .1552821      8.644   0.000       1.037874    1.646569
capratio |  -.0026617   .0009138     -2.913   0.004      -.0044527   -.0008708
  smGDP3 |   1.76e-09   4.10e-10      4.301   0.000       9.59e-10    2.56e-09
  lgGDP3 |   2.64e-10   8.71e-11      3.025   0.002       9.28e-11    4.34e-10
 smldmat |  -.0412189   .0132844     -3.103   0.002       -.067256   -.0151819
 lrgdmat |    .030309   .0101195      2.995   0.003       .0104752    .0501428
  smldev |  -.0178805   .0112484     -1.590   0.112      -.0399269    .0041659
 dydtrde |  -1.25e-08   1.00e-08     -1.251   0.211      -3.22e-08    7.11e-09
ptntfly2 |  -.2250323    .172023     -1.308   0.191      -.5621911    .1121265
 pt2GDPs |   7.28e-09   2.27e-09      3.212   0.001       2.84e-09    1.17e-08
 pt2GDPl |  -4.32e-10   4.37e-10     -0.989   0.322      -1.29e-09    4.24e-10
pt2dydtr |  -2.07e-07   8.41e-08     -2.460   0.014      -3.72e-07   -4.21e-08
midonspl |  -.3661578   .0493423     -7.421   0.000       -.462867   -.2694487
midonsp1 |  -.0042122    .001496     -2.816   0.005      -.0071444     -.00128
midonsp2 |   .0026018   .0011826      2.200   0.028       .0002839    .0049196
midonsp3 |  -.0010519   .0005645     -1.864   0.062      -.0021582    .0000544
hegGDP_1 |  -6.165065   1.466635     -4.204   0.000      -9.039617   -3.290514
   _cons |  -1.252053   .4669671     -2.681   0.007      -2.167291   -.3368138
------------------------------------------------------------------------------

Note: 9 failures and 0 successes completely determined.

. **table 3, column 2
. logit midon allies contig capratio smGDP3 lgGDP3 smldmat lrgdmat smldev dydtr
> de ptntfly2 pt2GDPs pt2GDPl pt2dydtr midonspl midonsp1 midonsp2 midonsp3 hegG
> DP_1 lrgdepjp smldepjp ptsmldjp ptlrgdjp, cluster(dyadid)

Logit estimates                                   Number of obs   =      20990
                                                  Wald chi2(20)   =     858.97
                                                  Prob > chi2     =     0.0000
Log likelihood = -2174.4932                       Pseudo R2       =     0.2361

                           (standard errors adjusted for clustering on dyadid)
------------------------------------------------------------------------------
         |               Robust
   midon |      Coef.   Std. Err.       z     P>|z|       [95% Conf. Interval]
---------+--------------------------------------------------------------------
  allies |  -.1165062   .1686192     -0.691   0.490      -.4469938    .2139814
  contig |   1.341977   .1577016      8.510   0.000       1.032888    1.651067
capratio |  -.0026817   .0009027     -2.971   0.003      -.0044511   -.0009123
  smGDP3 |   1.80e-09   4.32e-10      4.158   0.000       9.50e-10    2.64e-09
  lgGDP3 |   2.57e-10   8.93e-11      2.875   0.004       8.17e-11    4.32e-10
 smldmat |  -.0419476   .0142874     -2.936   0.003      -.0699504   -.0139448
 lrgdmat |   .0296955   .0100546      2.953   0.003       .0099888    .0494022
  smldev |  -.0180726   .0112383     -1.608   0.108      -.0400993     .003954
 dydtrde |  -1.25e-08   1.24e-08     -1.012   0.312      -3.68e-08    1.17e-08
ptntfly2 |  -.3351646   .1831111     -1.830   0.067      -.6940559    .0237266
 pt2GDPs |   7.31e-09   2.34e-09      3.118   0.002       2.71e-09    1.19e-08
 pt2GDPl |   6.31e-11   3.61e-10      0.175   0.861      -6.44e-10    7.70e-10
pt2dydtr |  -4.52e-07   1.54e-07     -2.926   0.003      -7.54e-07   -1.49e-07
midonspl |  -.3655642   .0494049     -7.399   0.000      -.4623959   -.2687324
midonsp1 |  -.0041533   .0014941     -2.780   0.005      -.0070818   -.0012249
midonsp2 |   .0025338   .0011794      2.148   0.032       .0002222    .0048455
midonsp3 |  -.0010126   .0005623     -1.801   0.072      -.0021146    .0000894
hegGDP_1 |  -6.137721   1.471711     -4.170   0.000      -9.022221   -3.253221
lrgdepjp |   .6940014   1.824365      0.380   0.704      -2.881689    4.269692
smldepjp |  -6.113087   31.59389     -0.193   0.847      -68.03598    55.80981
ptsmldjp |   38.31987   34.42552      1.113   0.266       -29.1529    105.7926
ptlrgdjp |  -4.097701   6.056581     -0.677   0.499      -15.96838     7.77298
   _cons |  -1.260951   .4715262     -2.674   0.007      -2.185125   -.3367766
------------------------------------------------------------------------------

Note: 29 failures and 0 successes completely determined.

. **table 3, column 3
. logit midon allies contig capratio smGDP3 lgGDP3 smldmat lrgdmat smldev dydtr
> de ptntfly2 pt2GDPs pt2GDPl pt2dydtr midonspl midonsp1 midonsp2 midonsp3 hegG
> DP_1 sumorg_3, cluster(dyadid)

Logit estimates                                   Number of obs   =      20959
                                                  Wald chi2(17)   =     801.21
                                                  Prob > chi2     =     0.0000
Log likelihood = -2172.5345                       Pseudo R2       =     0.2356

                           (standard errors adjusted for clustering on dyadid)
------------------------------------------------------------------------------
         |               Robust
   midon |      Coef.   Std. Err.       z     P>|z|       [95% Conf. Interval]
---------+--------------------------------------------------------------------
  allies |  -.1477496   .1810067     -0.816   0.414      -.5025161    .2070169
  contig |   1.332639    .148109      8.998   0.000        1.04235    1.622927
capratio |  -.0026066   .0009167     -2.843   0.004      -.0044033   -.0008098
  smGDP3 |   1.74e-09   4.12e-10      4.226   0.000       9.33e-10    2.55e-09
  lgGDP3 |   2.59e-10   8.54e-11      3.038   0.002       9.20e-11    4.27e-10
 smldmat |  -.0433008   .0126113     -3.433   0.001      -.0680185   -.0185831
 lrgdmat |   .0290253    .010107      2.872   0.004       .0092159    .0488347
  smldev |  -.0181758   .0115471     -1.574   0.115      -.0408077    .0044561
 dydtrde |  -1.27e-08   1.05e-08     -1.212   0.225      -3.33e-08    7.86e-09
ptntfly2 |  -.2318941   .1749422     -1.326   0.185      -.5747745    .1109863
 pt2GDPs |   6.31e-09   2.18e-09      2.892   0.004       2.04e-09    1.06e-08
 pt2GDPl |  -3.31e-10   4.15e-10     -0.797   0.425      -1.14e-09    4.83e-10
pt2dydtr |  -3.04e-07   8.61e-08     -3.533   0.000      -4.73e-07   -1.35e-07
midonspl |   -.366737   .0497418     -7.373   0.000      -.4642292   -.2692448
midonsp1 |  -.0041345   .0014967     -2.762   0.006       -.007068   -.0012009
midonsp2 |   .0025233   .0011815      2.136   0.033       .0002076    .0048389
midonsp3 |  -.0010128   .0005625     -1.800   0.072      -.0021154    .0000898
hegGDP_1 |  -6.023144   1.572185     -3.831   0.000      -9.104571   -2.941717
sumorg_3 |   .0021814   .0060299      0.362   0.718       -.009637    .0139998
   _cons |  -1.334667   .5489303     -2.431   0.015       -2.41055   -.2587831
------------------------------------------------------------------------------

Note: 12 failures and 0 successes completely determined.

. logit midon allies contig capratio smGDP3 lgGDP3 smldmat lrgdmat smldev dydtr
> de ptntfly2 pt2GDPs pt2GDPl pt2dydtr midonspl midonsp1 midonsp2 midonsp3 hegG
> DP_1 gattx3lg, cluster(dyadid)

Logit estimates                                   Number of obs   =      20990
                                                  Wald chi2(17)   =     883.47
                                                  Prob > chi2     =     0.0000
Log likelihood = -2173.9085                       Pseudo R2       =     0.2363

                           (standard errors adjusted for clustering on dyadid)
------------------------------------------------------------------------------
         |               Robust
   midon |      Coef.   Std. Err.       z     P>|z|       [95% Conf. Interval]
---------+--------------------------------------------------------------------
  allies |  -.1098242   .1771978     -0.620   0.535      -.4571255     .237477
  contig |   1.341293    .156213      8.586   0.000       1.035121    1.647465
capratio |  -.0027196    .000934     -2.912   0.004      -.0045502    -.000889
  smGDP3 |   1.68e-09   4.10e-10      4.101   0.000       8.78e-10    2.49e-09
  lgGDP3 |   2.66e-10   8.73e-11      3.052   0.002       9.53e-11    4.37e-10
 smldmat |  -.0345994   .0120488     -2.872   0.004      -.0582146   -.0109841
 lrgdmat |   .0318578   .0101618      3.135   0.002       .0119411    .0517745
  smldev |  -.0178073   .0111814     -1.593   0.111      -.0397225    .0041079
 dydtrde |  -1.15e-08   9.93e-09     -1.163   0.245      -3.10e-08    7.91e-09
ptntfly2 |  -.1757378   .1757387     -1.000   0.317      -.5201793    .1687038
 pt2GDPs |   6.96e-09   2.20e-09      3.164   0.002       2.65e-09    1.13e-08
 pt2GDPl |  -3.12e-10   4.11e-10     -0.759   0.448      -1.12e-09    4.93e-10
pt2dydtr |  -3.21e-07   9.04e-08     -3.549   0.000      -4.98e-07   -1.44e-07
midonspl |  -.3627704   .0508131     -7.139   0.000      -.4623623   -.2631784
midonsp1 |  -.0041019   .0015168     -2.704   0.007      -.0070748   -.0011289
midonsp2 |   .0025122   .0011905      2.110   0.035       .0001789    .0048456
midonsp3 |  -.0010115   .0005645     -1.792   0.073      -.0021179     .000095
hegGDP_1 |  -6.555055    1.48194     -4.423   0.000      -9.459603   -3.650506
gattx3lg |  -.2611875   .2022186     -1.292   0.196      -.6575286    .1351537
   _cons |  -1.061504   .4606573     -2.304   0.021      -1.964376   -.1586327
------------------------------------------------------------------------------

Note: 13 failures and 0 successes completely determined.

. clogit midon allies contig capratio smGDP3 lgGDP3 smldmat lrgdmat smldev dydt
> rde ptntfly2 pt2GDPs pt2GDPl pt2dydtr midonspl midonsp1 midonsp2 midonsp3 heg
> GDP_1, group(dyadid)

Note: multiple positive outcomes within groups encountered.
Note: 627 groups (15533 obs) dropped due to all positive or negative outcomes.

Conditional (fixed-effects) logistic regression   Number of obs   =       5457
                                                  LR chi2(18)     =     107.80
                                                  Prob > chi2     =     0.0000
Log likelihood = -1309.0926                       Pseudo R2       =     0.0395

------------------------------------------------------------------------------
   midon |      Coef.   Std. Err.       z     P>|z|       [95% Conf. Interval]
---------+--------------------------------------------------------------------
  allies |   -1.14213   .3765609     -3.033   0.002      -1.880176   -.4040841
  contig |   .2772244   .4103945      0.676   0.499      -.5271342    1.081583
capratio |  -.0012682   .0011265     -1.126   0.260      -.0034761    .0009397
  smGDP3 |  -4.40e-10   6.02e-10     -0.731   0.465      -1.62e-09    7.40e-10
  lgGDP3 |  -7.68e-10   2.31e-10     -3.318   0.001      -1.22e-09   -3.14e-10
 smldmat |    .034745    .019752      1.759   0.079      -.0039682    .0734582
 lrgdmat |  -.0076199   .0173357     -0.440   0.660      -.0415971    .0263574
  smldev |  -.0430777   .0129654     -3.323   0.001      -.0684895   -.0176659
 dydtrde |   3.60e-08   1.69e-08      2.129   0.033       2.86e-09    6.91e-08
ptntfly2 |  -.3182198   .2817152     -1.130   0.259      -.8703715    .2339319
 pt2GDPs |   8.50e-09   6.89e-09      1.233   0.218      -5.01e-09    2.20e-08
 pt2GDPl |  -5.82e-10   9.62e-10     -0.605   0.545      -2.47e-09    1.30e-09
pt2dydtr |  -5.06e-07   3.05e-07     -1.656   0.098      -1.10e-06    9.30e-08
midonspl |   -.120438   .0450741     -2.672   0.008      -.2087816   -.0320945
midonsp1 |  -.0033597   .0015226     -2.207   0.027       -.006344   -.0003755
midonsp2 |   .0031316   .0012724      2.461   0.014       .0006378    .0056254
midonsp3 |  -.0019842   .0006541     -3.034   0.002      -.0032661   -.0007023
hegGDP_1 |   .0366072   1.893852      0.019   0.985      -3.675275    3.748489
------------------------------------------------------------------------------

. relogit midon allies contig capratio smGDP3 lgGDP3 smldmat lrgdmat smldev dyd
> trde ptntfly2 pt2GDPs pt2GDPl pt2dydtr midonspl midonsp1 midonsp2 midonsp3 he
> gGDP_1, cluster(dyadid)

Corrected logit estimates                             Number of obs =    20990

------------------------------------------------------------------------------
         |               Robust
   midon |      Coef.   Std. Err.       z     P>|z|       [95% Conf. Interval]
---------+--------------------------------------------------------------------
  allies |  -.1275622   .1690588     -0.755   0.451      -.4589113     .203787
  contig |   1.340563   .1546416      8.669   0.000       1.037471    1.643655
capratio |   -.002598   .0009163     -2.835   0.005       -.004394    -.000802
  smGDP3 |   1.75e-09   4.09e-10      4.269   0.000       9.44e-10    2.55e-09
  lgGDP3 |   2.64e-10   8.70e-11      3.031   0.002       9.32e-11    4.34e-10
 smldmat |   -.041458   .0132622     -3.126   0.002      -.0674514   -.0154647
 lrgdmat |   .0299219   .0101049      2.961   0.003       .0101167    .0497272
  smldev |  -.0181437   .0112382     -1.614   0.106      -.0401701    .0038826
 dydtrde |  -1.00e-08   9.95e-09     -1.007   0.314      -2.95e-08    9.48e-09
ptntfly2 |  -.2179544   .1729763     -1.260   0.208      -.5569818     .121073
 pt2GDPs |   6.46e-09   2.11e-09      3.065   0.002       2.33e-09    1.06e-08
 pt2GDPl |  -3.15e-10   4.19e-10     -0.751   0.453      -1.14e-09    5.07e-10
pt2dydtr |  -2.38e-07   8.67e-08     -2.749   0.006      -4.08e-07   -6.84e-08
midonspl |  -.3656083   .0493086     -7.415   0.000      -.4622514   -.2689651
midonsp1 |  -.0041667   .0014941     -2.789   0.005      -.0070951   -.0012383
midonsp2 |   .0025604   .0011792      2.171   0.030       .0002493    .0048715
midonsp3 |   -.001036   .0005615     -1.845   0.065      -.0021365    .0000645
hegGDP_1 |  -6.173391   1.468222     -4.205   0.000      -9.051054   -3.295729
   _cons |   -1.24021   .4673371     -2.654   0.008      -2.156174    -.324246
------------------------------------------------------------------------------

. xtgee midon allies contig capratio smGDP3 lgGDP3 smldmat lrgdmat smldev dydtr
> de ptntfly2 pt2GDPs pt2GDPl pt2dydtr midonspl midonsp1 midonsp2 midonsp3 hegG
> DP_1, fam(bin) link(probit) corr(exch) i(dyadid) t(year)

GEE population-averaged model                   Number of obs      =     20990
Group variable:                     dyadid      Number of groups   =       827
Link:                               probit      Obs per group: min =         1
Family:                           binomial                     avg =      25.4
Correlation:                  exchangeable                     max =        35
                                                Wald chi2(15)      =    238.27
Scale parameter:                         1      Prob > chi2        =    0.0000

------------------------------------------------------------------------------
   midon |      Coef.   Std. Err.       z     P>|z|       [95% Conf. Interval]
---------+--------------------------------------------------------------------
  allies |  -.2609454   .0736964     -3.541   0.000      -.4053878   -.1165031
  contig |   .6286451   .0767678      8.189   0.000        .478183    .7791072
capratio |  -.0008792   .0002927     -3.004   0.003      -.0014529   -.0003055
  smGDP3 |   5.95e-10   1.99e-10      2.995   0.003       2.06e-10    9.85e-10
  lgGDP3 |  -1.39e-11   5.16e-11     -0.269   0.788      -1.15e-10    8.72e-11
 smldmat |  -.0160972   .0053833     -2.990   0.003      -.0266483    -.005546
 lrgdmat |   .0058582   .0046473      1.261   0.207      -.0032502    .0149667
  smldev |  -.0148429   .0054807     -2.708   0.007      -.0255849   -.0041009
 dydtrde |   3.04e-09   5.23e-09      0.582   0.560      -7.20e-09    1.33e-08
ptntfly2 |  -.0758126   .0928483     -0.817   0.414      -.2577918    .1061667
 pt2GDPs |   1.99e-09   1.27e-09      1.568   0.117      -4.97e-10    4.47e-09
 pt2GDPl |  -2.03e-10   2.63e-10     -0.771   0.441      -7.19e-10    3.13e-10
pt2dydtr |  -7.21e-08   3.92e-08     -1.841   0.066      -1.49e-07    4.66e-09
midonspl |   -.118077   .0205236     -5.753   0.000      -.1583026   -.0778514
midonsp1 |  -.0017123   .0005926     -2.889   0.004      -.0028738   -.0005507
midonsp2 |   .0009859   .0004346      2.268   0.023        .000134    .0018378
midonsp3 |  -.0003422   .0001863     -1.837   0.066      -.0007073     .000023
hegGDP_1 |  -.2903639   .6893419     -0.421   0.674      -1.641449    1.060721
   _cons |  -1.693686     .23318     -7.263   0.000       -2.15071   -1.236661
------------------------------------------------------------------------------

. logit midon allies contig capratio smGDP3 lgGDP3 smldmat lrgdmat smldev dydtr
> de ptntfly2 pt2GDPs pt2GDPl pt2dydtr midonspl midonsp1 midonsp2 midonsp3 hegG
> DP_1 cc20- cc920, cluster(dyadid)

Logit estimates                                   Number of obs   =      20990
                                                  Wald chi2(110)  =    2393.11
                                                  Prob > chi2     =     0.0000
Log likelihood = -2005.4467                       Pseudo R2       =     0.2955

                           (standard errors adjusted for clustering on dyadid)
------------------------------------------------------------------------------
         |               Robust
   midon |      Coef.   Std. Err.       z     P>|z|       [95% Conf. Interval]
---------+--------------------------------------------------------------------
  allies |  -.1617101   .1663767     -0.972   0.331      -.4878024    .1643821
  contig |   1.326292   .1755642      7.554   0.000       .9821927    1.670392
capratio |  -.0029635   .0009386     -3.157   0.002      -.0048031   -.0011239
  smGDP3 |   1.38e-09   6.00e-10      2.301   0.021       2.04e-10    2.56e-09
  lgGDP3 |   3.88e-10   1.02e-10      3.793   0.000       1.88e-10    5.89e-10
 smldmat |  -.0194647   .0126687     -1.536   0.124      -.0442949    .0053654
 lrgdmat |   .0566207   .0135146      4.190   0.000       .0301326    .0831088
  smldev |  -.0282754   .0119245     -2.371   0.018       -.051647   -.0049038
 dydtrde |  -8.03e-10   8.81e-09     -0.091   0.927      -1.81e-08    1.65e-08
ptntfly2 |   .1122869   .2026349      0.554   0.579      -.2848701     .509444
 pt2GDPs |   6.06e-09   2.42e-09      2.508   0.012       1.32e-09    1.08e-08
 pt2GDPl |  -5.15e-10   4.42e-10     -1.164   0.244      -1.38e-09    3.52e-10
pt2dydtr |  -2.12e-07   8.37e-08     -2.534   0.011      -3.76e-07   -4.81e-08
midonspl |  -.2640735   .0472657     -5.587   0.000      -.3567126   -.1714344
midonsp1 |  -.0031118   .0015052     -2.067   0.039      -.0060619   -.0001616
midonsp2 |   .0021841   .0012002      1.820   0.069      -.0001683    .0045365
midonsp3 |  -.0010223   .0005715     -1.789   0.074      -.0021423    .0000978
hegGDP_1 |  -2.416739   1.602972     -1.508   0.132      -5.558506     .725028
    cc20 |    .174777   .4108964      0.425   0.671      -.6305651    .9801191
    cc41 |   .8676918   .7979945      1.087   0.277      -.6963487    2.431732
    cc70 |    .218788   .4684776      0.467   0.640      -.6994111    1.136987
    cc90 |   1.580015    .489439      3.228   0.001       .6207321    2.539298
    cc91 |   .4075053   .9221663      0.442   0.659      -1.399908    2.214918
    cc92 |   .3980742   .9052785      0.440   0.660      -1.376239    2.172387
    cc93 |   1.801473   .8652536      2.082   0.037        .105607    3.497339
    cc94 |   .3146478   .8165944      0.385   0.700      -1.285848    1.915143
   cc101 |   .4953768   .4208484      1.177   0.239      -.3294708    1.320225
   cc110 |   1.887091   .3662726      5.152   0.000        1.16921    2.604972
   cc130 |   2.124419   .6325685      3.358   0.001       .8846076     3.36423
   cc135 |   .7831022   .5491134      1.426   0.154      -.2931404    1.859345
   cc140 |  -.5532403   .4728503     -1.170   0.242       -1.48001    .3735294
   cc145 |  -.3618339    .579459     -0.624   0.532      -1.497553    .7738849
   cc150 |   .2583248   .4168125      0.620   0.535      -.5586126    1.075262
   cc155 |   1.258025   .3731696      3.371   0.001       .5266261    1.989424
   cc160 |   1.433216   .2899989      4.942   0.000       .8648289    2.001604
   cc165 |  -.3071752   .4061859     -0.756   0.450      -1.103285    .4889346
   cc200 |   .3079854    .293186      1.050   0.293      -.2666486    .8826194
   cc205 |  -.1339659   .7442402     -0.180   0.857       -1.59265    1.324718
   cc210 |   .0486147   .5634639      0.086   0.931      -1.055754    1.152984
   cc211 |  -.1586372    .520864     -0.305   0.761      -1.179512    .8622376
   cc220 |  -.2974153   .2819302     -1.055   0.291      -.8499884    .2551577
   cc225 |  -.1428287    1.02633     -0.139   0.889      -2.154399    1.868741
   cc230 |   .7585403   .3345828      2.267   0.023       .1027701     1.41431
   cc235 |   .7597327   .5033738      1.509   0.131      -.2268618    1.746327
   cc260 |   .2117351   .4234815      0.500   0.617      -.6182733    1.041744
   cc265 |   1.203445   .5331825      2.257   0.024       .1584269    2.248464
   cc290 |   .6899404   .4057639      1.700   0.089      -.1053422    1.485223
   cc305 |   -.842051   .7839537     -1.074   0.283      -2.378572      .69447
   cc315 |   1.509285   .3879744      3.890   0.000       .7488693    2.269701
   cc325 |  -.1731687   .5235721     -0.331   0.741      -1.199351    .8530138
   cc345 |   .5370933    .583067      0.921   0.357       -.605697    1.679884
   cc350 |   1.206571   .5618105      2.148   0.032       .1054431      2.3077
   cc355 |    .265152   .5546508      0.478   0.633      -.8219436    1.352247
   cc360 |   .4110431    .493191      0.833   0.405      -.5555936     1.37768
   cc365 |   1.480337   .2347999      6.305   0.000       1.020138    1.940537
   cc375 |  -.5637842   .4210148     -1.339   0.181      -1.388958    .2613896
   cc380 |  -.3916388   .5672449     -0.690   0.490      -1.503418    .7201407
   cc385 |   .0196156   .4346852      0.045   0.964      -.8323517    .8715829
   cc390 |   .0111515   .5270004      0.021   0.983       -1.02175    1.044053
   cc395 |   4.157042   .6210437      6.694   0.000       2.939818    5.374265
   cc432 |    .002549   .9314285      0.003   0.998      -1.823017    1.828115
   cc433 |   .6686457   .9198189      0.727   0.467      -1.134166    2.471458
   cc435 |   .5250301   .4447752      1.180   0.238      -.3467132    1.396773
   cc438 |   .9226737   .6190964      1.490   0.136      -.2907329     2.13608
   cc439 |   .0682904   .9654743      0.071   0.944      -1.824004    1.960585
   cc452 |   1.071835   .3796307      2.823   0.005       .3277726    1.815898
   cc461 |    1.36094   .4700338      2.895   0.004       .4396909     2.28219
   cc471 |  -.1767065   .6162083     -0.287   0.774      -1.384453     1.03104
   cc481 |   .9781312   1.033206      0.947   0.344      -1.046916    3.003178
   cc483 |   .6642743   .5641731      1.177   0.239      -.4414847    1.770033
   cc484 |   1.363304   .6741563      2.022   0.043       .0419815    2.684626
   cc490 |     .84392   .3625766      2.328   0.020       .1332829    1.554557
   cc500 |   2.005374   .2951044      6.795   0.000        1.42698    2.583768
   cc501 |    .142901   .3864876      0.370   0.712      -.6146007    .9004027
   cc510 |   .1842742   .4535749      0.406   0.685      -.7047164    1.073265
   cc516 |   1.355149    .577076      2.348   0.019       .2241005    2.486197
   cc517 |    .200671   .5610747      0.358   0.721      -.8990152    1.300357
   cc520 |   1.908153   .3786632      5.039   0.000       1.165987    2.650319
   cc530 |   1.507933   .3924848      3.842   0.000       .7386766    2.277189
   cc540 |   .7849034   .5732102      1.369   0.171       -.338568    1.908375
   cc551 |   1.736571   .3167889      5.482   0.000       1.115676    2.357465
   cc552 |   .4911232   .5126608      0.958   0.338      -.5136734     1.49592
   cc560 |   .4828667   .3810181      1.267   0.205       -.263915    1.229648
   cc571 |   2.488197   .5184063      4.800   0.000        1.47214    3.504255
   cc600 |   1.594192   .3640787      4.379   0.000       .8806108    2.307773
   cc615 |   .5250472   .4821218      1.089   0.276      -.4198942    1.469989
   cc625 |   .3941872   .3711361      1.062   0.288      -.3332263    1.121601
   cc630 |   1.641145   .3100547      5.293   0.000       1.033449    2.248841
   cc640 |   .5245953   .3741444      1.402   0.161      -.2087141    1.257905
   cc645 |   1.467903   .2362629      6.213   0.000       1.004836     1.93097
   cc651 |   2.020334   .2793396      7.233   0.000       1.472839     2.56783
   cc652 |   1.319553   .3203997      4.118   0.000       .6915807    1.947524
   cc663 |   .8886512   .3204379      2.773   0.006       .2606045    1.516698
   cc666 |   1.280288   .3737108      3.426   0.001       .5478285    2.012748
   cc670 |   .4779684   .3997832      1.196   0.232      -.3055923    1.261529
   cc678 |  -.1761062   1.048822     -0.168   0.867      -2.231759    1.879547
   cc690 |   1.010285   .2956899      3.417   0.001       .4307429    1.589826
   cc700 |   .8516902   .3104528      2.743   0.006       .2432138    1.460167
   cc710 |   1.030792   .2888551      3.569   0.000       .4646465    1.596938
   cc732 |   1.682494   .2912491      5.777   0.000       1.111657    2.253332
   cc740 |   .6508304   .3034421      2.145   0.032       .0560948    1.245566
   cc750 |   1.533054   .4200559      3.650   0.000       .7097594    2.356348
   cc770 |    1.27984    .470769      2.719   0.007       .3571496     2.20253
   cc771 |  -.2033656   .4515328     -0.450   0.652      -1.088354    .6816224
   cc775 |   .5399649   .4048053      1.334   0.182       -.253439    1.333369
   cc790 |  -.0418326   .4170546     -0.100   0.920      -.8592445    .7755794
   cc800 |    1.92907   .4004877      4.817   0.000       1.144129    2.714011
   cc820 |   .3263631   .5803609      0.562   0.574      -.8111234     1.46385
   cc840 |   1.183379   .4708006      2.514   0.012       .2606271    2.106132
   cc850 |   .4027841   .5778708      0.697   0.486       -.729822     1.53539
   cc900 |   .2000096   .4220057      0.474   0.636      -.6271064    1.027125
   cc910 |    .815705   .6827503      1.195   0.232       -.522461    2.153871
   cc920 |   1.012126   .4150894      2.438   0.015       .1985663    1.825687
   _cons |  -4.201521   .5988699     -7.016   0.000      -5.375284   -3.027757
------------------------------------------------------------------------------

Note: 15 failures and 0 successes completely determined.

. mlogit onlevb allies contig capratio smGDP3 lgGDP3 smldmat lrgdmat smldev dyd
> trde ptntfly2 pt2GDPs pt2GDPl pt2dydtr olog1spl olog2spl olog1sp1 olog1sp2 ol
> og2sp1 olog2sp2 hegGDP_1, cluster(dyadid)

Multinomial regression                            Number of obs   =      20990
                                                  Wald chi2(36)   =    1164.30
                                                  Prob > chi2     =     0.0000
Log likelihood = -2518.5832                       Pseudo R2       =     0.2078

                           (standard errors adjusted for clustering on dyadid)
------------------------------------------------------------------------------
         |               Robust
  onlevb |      Coef.   Std. Err.       z     P>|z|       [95% Conf. Interval]
---------+--------------------------------------------------------------------
1        |
  allies |   .1075876   .3008515      0.358   0.721      -.4820705    .6972457
  contig |   1.338708   .2839314      4.715   0.000       .7822129    1.895204
capratio |  -.0057883   .0019765     -2.928   0.003      -.0096622   -.0019143
  smGDP3 |   2.40e-09   4.93e-10      4.864   0.000       1.43e-09    3.37e-09
  lgGDP3 |   3.32e-10   1.66e-10      1.998   0.046       6.33e-12    6.59e-10
 smldmat |  -.0261681   .0183694     -1.425   0.154      -.0621713    .0098352
 lrgdmat |   .0388189   .0172097      2.256   0.024       .0050886    .0725493
  smldev |   .0066868   .0248556      0.269   0.788      -.0420293    .0554028
 dydtrde |  -8.93e-08   6.41e-08     -1.393   0.164      -2.15e-07    3.63e-08
ptntfly2 |  -.2279004    .350594     -0.650   0.516       -.915052    .4592511
 pt2GDPs |   5.19e-09   5.31e-09      0.976   0.329      -5.23e-09    1.56e-08
 pt2GDPl |  -1.29e-10   1.16e-09     -0.111   0.911      -2.39e-09    2.14e-09
pt2dydtr |  -3.97e-07   1.96e-07     -2.018   0.044      -7.82e-07   -1.14e-08
olog1spl |  -.0670371   .0675503     -0.992   0.321      -.1994333    .0653591
olog2spl |  -.1154214   .0742706     -1.554   0.120      -.2609891    .0301462
olog1sp1 |   .0001179   .0007849      0.150   0.881      -.0014204    .0016563
olog1sp2 |  -.0002008   .0005707     -0.352   0.725      -.0013194    .0009177
olog2sp1 |  -.0001081   .0009524     -0.114   0.910      -.0019748    .0017586
olog2sp2 |  -.0000641   .0006219     -0.103   0.918      -.0012829    .0011547
hegGDP_1 |  -11.30654   3.808699     -2.969   0.003      -18.77145   -3.841624
   _cons |  -1.548664   1.201572     -1.289   0.197      -3.903701    .8063733
---------+--------------------------------------------------------------------
2        |
  allies |  -.2036577   .1865056     -1.092   0.275       -.569202    .1618866
  contig |   1.412456   .1639079      8.617   0.000       1.091202    1.733709
capratio |  -.0021271    .000843     -2.523   0.012      -.0037793   -.0004749
  smGDP3 |   2.20e-09   4.10e-10      5.353   0.000       1.39e-09    3.00e-09
  lgGDP3 |   2.42e-10   1.03e-10      2.357   0.018       4.08e-11    4.43e-10
 smldmat |  -.0489514   .0156907     -3.120   0.002      -.0797046   -.0181983
 lrgdmat |   .0310587   .0103183      3.010   0.003       .0108352    .0512823
  smldev |  -.0309214   .0118391     -2.612   0.009      -.0541256   -.0077171
 dydtrde |  -9.81e-09   8.10e-09     -1.211   0.226      -2.57e-08    6.07e-09
ptntfly2 |  -.1551223   .1940258     -0.799   0.424      -.5354058    .2251612
 pt2GDPs |   7.06e-09   2.86e-09      2.469   0.014       1.46e-09    1.27e-08
 pt2GDPl |  -5.23e-10   6.31e-10     -0.829   0.407      -1.76e-09    7.14e-10
pt2dydtr |  -3.09e-07   1.05e-07     -2.937   0.003      -5.15e-07   -1.03e-07
olog1spl |   .1556805   .0437893      3.555   0.000        .069855     .241506
olog2spl |  -.3514412   .0435286     -8.074   0.000      -.4367557   -.2661267
olog1sp1 |   .0016538   .0005018      3.296   0.001       .0006704    .0026372
olog1sp2 |  -.0011236   .0003713     -3.026   0.002      -.0018513   -.0003959
olog2sp1 |  -.0019068   .0006176     -3.087   0.002      -.0031173   -.0006962
olog2sp2 |   .0009462   .0004256      2.224   0.026       .0001122    .0017803
hegGDP_1 |  -4.286476   1.895887     -2.261   0.024      -8.002347   -.5706056
   _cons |  -2.472595   .6454206     -3.831   0.000      -3.737596   -1.207594
------------------------------------------------------------------------------
(Outcome onlevb==0 is the comparison group)

. test [1]ptntfly2+[1]pt2dydtr*86452+[1]dydtrde*86452 = [2]ptntfly2 + [2]pt2dyd
> tr*86452 + [2]dydtrde*86452

 ( 1)  86452.0 [1]dydtrde + [1]ptntfly2 + 86452.0 [1]pt2dydtr - 86452.0 [2]dydt
> rde - [2]ptntfly2 - 86452.0 [2]pt2dydtr = 0.0

           chi2(  1) =    0.06
         Prob > chi2 =    0.8094


. test [1]ptntfly2+[1]pt2dydtr*10317+[1]dydtrde*10317 = [2]ptntfly2 + [2]pt2dyd
> tr*10317 + [2]dydtrde*10317

 ( 1)  10317.0 [1]dydtrde + [1]ptntfly2 + 10317.0 [1]pt2dydtr - 10317.0 [2]dydt
> rde - [2]ptntfly2 - 10317.0 [2]pt2dydtr = 0.0

           chi2(  1) =    0.04
         Prob > chi2 =    0.8378


. test [1]ptntfly2+[1]pt2dydtr*469837+[1]dydtrde*469837 = [2]ptntfly2 + [2]pt2d
> ydtr*469837 + [2]dydtrde*469837

 ( 1)  469837.0 [1]dydtrde + [1]ptntfly2 + 469837.0 [1]pt2dydtr - 469837.0 [2]d
> ydtrde - [2]ptntfly2 - 469837.0 [2]pt2dydtr = 0.0

           chi2(  1) =    0.18
         Prob > chi2 =    0.6738


. xtgee midon allies contig capratio smGDP3 lgGDP3 smldmat lrgdmat smldev dydtr
> de ptntfly2 pt2GDPs pt2GDPl pt2dydtr hegGDP_1, fam(bin) link(probit) corr(exc
> h) i(dyadid) t(year)

GEE population-averaged model                   Number of obs      =     20990
Group variable:                     dyadid      Number of groups   =       827
Link:                               probit      Obs per group: min =         1
Family:                           binomial                     avg =      25.4
Correlation:                  exchangeable                     max =        35
                                                Wald chi2(11)      =    112.34
Scale parameter:                         1      Prob > chi2        =    0.0000

------------------------------------------------------------------------------
   midon |      Coef.   Std. Err.       z     P>|z|       [95% Conf. Interval]
---------+--------------------------------------------------------------------
  allies |  -.3333718   .0798433     -4.175   0.000      -.4898617   -.1768819
  contig |   .6304717   .0812117      7.763   0.000       .4712997    .7896437
capratio |  -.0007492   .0002906     -2.578   0.010      -.0013187   -.0001797
  smGDP3 |   4.25e-10   2.30e-10      1.845   0.065      -2.64e-11    8.76e-10
  lgGDP3 |  -5.17e-11   5.58e-11     -0.927   0.354      -1.61e-10    5.76e-11
 smldmat |  -.0105234   .0053458     -1.969   0.049       -.021001   -.0000457
 lrgdmat |   .0021684   .0047119      0.460   0.645      -.0070668    .0114035
  smldev |  -.0193123   .0051601     -3.743   0.000      -.0294259   -.0091988
 dydtrde |   6.36e-09   5.44e-09      1.168   0.243      -4.31e-09    1.70e-08
ptntfly2 |  -.1011845   .0913081     -1.108   0.268       -.280145    .0777761
 pt2GDPs |   1.78e-09   1.00e-09      1.777   0.076      -1.83e-10    3.74e-09
 pt2GDPl |  -1.66e-10   2.39e-10     -0.697   0.486      -6.35e-10    3.02e-10
pt2dydtr |  -4.65e-08   2.48e-08     -1.874   0.061      -9.51e-08    2.13e-09
hegGDP_1 |   1.597935     .54145      2.951   0.003       .5367123    2.659157
   _cons |  -2.466497   .1805662    -13.660   0.000        -2.8204   -2.112594
------------------------------------------------------------------------------

. regress lddydtr midon dydtrde allies contig capratio smldmat lrgdmat smGDP3 l
> gGDP3 smldev hegGDP_1 ptaentyr, cluster(dyadid)

Regression with robust standard errors                 Number of obs =   20533
                                                       F( 12,   821) =19029.46
                                                       Prob > F      =  0.0000
                                                       R-squared     =  0.9789
Number of clusters (dyadid) = 822                      Root MSE      =  6.5e+05

------------------------------------------------------------------------------
         |               Robust
 lddydtr |      Coef.   Std. Err.       t     P>|t|       [95% Conf. Interval]
---------+--------------------------------------------------------------------
   midon |  -29582.75   26137.37     -1.132   0.258      -80886.69     21721.2
 dydtrde |   1.021119   .0075007    136.136   0.000       1.006396    1.035841
  allies |   852.3153   11153.59      0.076   0.939       -21040.6    22745.23
  contig |   37149.28   12703.29      2.924   0.004       12214.53    62084.03
capratio |  -10.81243   5.198766     -2.080   0.038      -21.01686   -.6079874
 smldmat |   1023.096   609.3852      1.679   0.094      -173.0408    2219.232
 lrgdmat |  -1350.226   690.1387     -1.956   0.051       -2704.87    4.417459
  smGDP3 |   .0002186   .0001363      1.604   0.109      -.0000488    .0004861
  lgGDP3 |   .0000385   7.55e-06      5.091   0.000       .0000236    .0000533
  smldev |   14025.61   1917.652      7.314   0.000       10261.53    17789.68
hegGDP_1 |   509434.7     118869      4.286   0.000       276111.7    742757.7
ptaentyr |   16467.96   12332.12      1.335   0.182      -7738.247    40674.16
   _cons |  -173070.3   34901.05     -4.959   0.000      -241576.1   -104564.5
------------------------------------------------------------------------------

. regress lddydtr midon dydtrde allies contig capratio smldmat lrgdmat popA pop
> B fmrcol smGDP3 lgGDP3 smldev hegGDP_1 ptaentyr, cluster(dyadid)

Regression with robust standard errors                 Number of obs =   20533
                                                       F( 15,   821) =15651.29
                                                       Prob > F      =  0.0000
                                                       R-squared     =  0.9789
Number of clusters (dyadid) = 822                      Root MSE      =  6.5e+05

------------------------------------------------------------------------------
         |               Robust
 lddydtr |      Coef.   Std. Err.       t     P>|t|       [95% Conf. Interval]
---------+--------------------------------------------------------------------
   midon |  -27834.79   26103.24     -1.066   0.287      -79071.73    23402.15
 dydtrde |   1.021049   .0074876    136.366   0.000       1.006352    1.035746
  allies |   -1110.71   14136.12     -0.079   0.937       -28857.9    26636.48
  contig |    37945.9   16379.71      2.317   0.021       5794.859    70096.95
capratio |  -10.32597   5.641369     -1.830   0.068      -21.39918    .7472335
 smldmat |   982.9926   615.2218      1.598   0.110      -224.6001    2190.585
 lrgdmat |  -1482.531   973.9445     -1.522   0.128      -3394.246    429.1832
    popA |  -.0464909   .0303506     -1.532   0.126      -.1060648    .0130831
    popB |   -.005274     .02736     -0.193   0.847      -.0589779    .0484298
  fmrcol |   3742.928   12250.14      0.306   0.760      -20302.36    27788.22
  smGDP3 |   .0002271   .0001518      1.496   0.135      -.0000709    .0005251
  lgGDP3 |   .0000415   8.22e-06      5.052   0.000       .0000254    .0000576
  smldev |   14090.92   1915.562      7.356   0.000       10330.94    17850.89
hegGDP_1 |   516425.6   115419.9      4.474   0.000       289872.7    742978.5
ptaentyr |   14420.65   12405.17      1.162   0.245      -9928.934    38770.24
   _cons |  -171764.5   32160.68     -5.341   0.000      -234891.4   -108637.7
------------------------------------------------------------------------------

. xtprobit midon allies contig capratio smGDP3 lgGDP3 smldmat lrgdmat smldev dy
> dtrde ptntfly2 pt2GDPs pt2GDPl pt2dydtr midonspl midonsp1 midonsp2 midonsp3 h
> egGDP_1, re i(dyadid)

Random-effects probit                           Number of obs      =     20990
Group variable (i) : dyadid                     Number of groups   =       827

Random effects u_i ~ Gaussian                   Obs per group: min =         1
                                                               avg =      25.4
                                                               max =        35

                                                Wald chi2(15)      =    227.85
Log likelihood  = -2082.9666                    Prob > chi2        =    0.0000

------------------------------------------------------------------------------
   midon |      Coef.   Std. Err.       z     P>|z|       [95% Conf. Interval]
---------+--------------------------------------------------------------------
  allies |   -.199842   .0890014     -2.245   0.025      -.3742816   -.0254025
  contig |   .6998486   .0936766      7.471   0.000       .5162458    .8834515
capratio |  -.0008974   .0002438     -3.680   0.000      -.0013753   -.0004194
  smGDP3 |   4.00e-10   2.67e-10      1.499   0.134      -1.23e-10    9.23e-10
  lgGDP3 |   3.07e-11   5.49e-11      0.559   0.576      -7.69e-11    1.38e-10
 smldmat |  -.0196395   .0062121     -3.161   0.002       -.031815    -.007464
 lrgdmat |   .0080648   .0056158      1.436   0.151       -.002942    .0190716
  smldev |  -.0180023   .0062743     -2.869   0.004      -.0302996   -.0057049
 dydtrde |   4.92e-09   6.01e-09      0.818   0.414      -6.87e-09    1.67e-08
ptntfly2 |  -.0909678   .1080023     -0.842   0.400      -.3026484    .1207128
 pt2GDPs |   3.59e-09   2.00e-09      1.793   0.073      -3.34e-10    7.52e-09
 pt2GDPl |  -1.08e-10   3.01e-10     -0.358   0.720      -6.98e-10    4.83e-10
pt2dydtr |  -1.50e-07   8.31e-08     -1.806   0.071      -3.13e-07    1.28e-08
midonspl |   -.110423   .0222196     -4.970   0.000      -.1539727   -.0668734
midonsp1 |  -.0016732   .0006826     -2.451   0.014       -.003011   -.0003353
midonsp2 |   .0011504   .0005302      2.170   0.030       .0001113    .0021894
midonsp3 |  -.0005129   .0002451     -2.093   0.036      -.0009932   -.0000325
hegGDP_1 |  -.2062954   .7424025     -0.278   0.781      -1.661378    1.248787
   _cons |  -2.163005   .2583241     -8.373   0.000       -2.66931   -1.656699
---------+--------------------------------------------------------------------
/lnsig2u |  -.9196991   .1636125     -5.621   0.000      -1.240374   -.5990245
---------+--------------------------------------------------------------------
 sigma_u |   .6313786   .0516507                          .5378439    .7411796
     rho |   .2850192   .0333415                          .2243709    .3545669
------------------------------------------------------------------------------
Likelihood ratio test of rho=0:      chi2(1) =   198.45   Prob > chi2 = 0.0000

. logit midon allies contig capratio smldev smldmat lrgdmat smGDP3 lgGDP3 dydtr
> de midonspl midonsp1 midonsp2 midonsp3 hegGDP_1 ptaconc if ptntfly2==1, clust
> er(dyadid)

Logit estimates                                   Number of obs   =       3947
                                                  Wald chi2(14)   =     146.99
                                                  Prob > chi2     =     0.0000
Log likelihood = -341.49815                       Pseudo R2       =     0.2044

                           (standard errors adjusted for clustering on dyadid)
------------------------------------------------------------------------------
         |               Robust
   midon |      Coef.   Std. Err.       z     P>|z|       [95% Conf. Interval]
---------+--------------------------------------------------------------------
  allies |   .5239992   .3371954      1.554   0.120      -.1368917     1.18489
  contig |   2.179612   .6132793      3.554   0.000       .9776062    3.381617
capratio |   .0034427   .0022515      1.529   0.126      -.0009703    .0078556
  smldev |  -.0578808   .0189633     -3.052   0.002      -.0950481   -.0207135
 smldmat |   .0007865   .0232572      0.034   0.973      -.0447967    .0463697
 lrgdmat |   .0244502   .0244703      0.999   0.318      -.0235108    .0724111
  smGDP3 |   8.93e-09   2.38e-09      3.745   0.000       4.26e-09    1.36e-08
  lgGDP3 |   4.66e-10   4.17e-10      1.118   0.263      -3.51e-10    1.28e-09
 dydtrde |  -4.14e-07   1.09e-07     -3.787   0.000      -6.29e-07   -2.00e-07
midonspl |  -.4264578   .1097278     -3.887   0.000      -.6415203   -.2113953
midonsp1 |  -.0082187    .003066     -2.681   0.007       -.014228   -.0022093
midonsp2 |   .0054348    .002314      2.349   0.019       .0008993    .0099702
midonsp3 |  -.0019136   .0010789     -1.774   0.076      -.0040282     .000201
hegGDP_1 |   -15.6242   4.565762     -3.422   0.001      -24.57293   -6.675468
 ptaconc |  -2.331311   .9465347     -2.463   0.014      -4.186485   -.4761374
   _cons |   .3777883   1.310094      0.288   0.773      -2.189949    2.945525
------------------------------------------------------------------------------

Note: 13 failures and 0 successes completely determined.

. logit midon allies contig capratio smldev smldmat lrgdmat smGDP3 lgGDP3 dydtr
> de lgpcGDP smpcGDP midonspl midonsp1 midonsp2 midonsp3 hegGDP_1 mppta ptaconc
>  if ptntfly2==1, cluster(dyadid)

Logit estimates                                   Number of obs   =       3947
                                                  Wald chi2(17)   =     187.62
                                                  Prob > chi2     =     0.0000
Log likelihood = -340.98317                       Pseudo R2       =     0.2056

                           (standard errors adjusted for clustering on dyadid)
------------------------------------------------------------------------------
         |               Robust
   midon |      Coef.   Std. Err.       z     P>|z|       [95% Conf. Interval]
---------+--------------------------------------------------------------------
  allies |   .4657381   .3287986      1.416   0.157      -.1786953    1.110171
  contig |   1.868196   .6185026      3.021   0.003       .6559528    3.080438
capratio |   .0029474   .0020957      1.406   0.160      -.0011601    .0070549
  smldev |  -.0568983   .0186549     -3.050   0.002      -.0934613   -.0203353
 smldmat |  -.0052204    .023948     -0.218   0.827      -.0521577    .0417169
 lrgdmat |   .0245819   .0231247      1.063   0.288      -.0207417    .0699056
  smGDP3 |   8.76e-09   2.30e-09      3.813   0.000       4.26e-09    1.33e-08
  lgGDP3 |   6.22e-10   4.47e-10      1.393   0.164      -2.54e-10    1.50e-09
 dydtrde |  -4.31e-07   1.20e-07     -3.602   0.000      -6.66e-07   -1.96e-07
 lgpcGDP |  -.0000238   .0000647     -0.367   0.713      -.0001506    .0001031
 smpcGDP |   .0000814   .0000651      1.249   0.211      -.0000463     .000209
midonspl |  -.4283536   .1102983     -3.884   0.000      -.6445344   -.2121729
midonsp1 |  -.0084416   .0030861     -2.735   0.006      -.0144902   -.0023929
midonsp2 |   .0056194   .0023252      2.417   0.016       .0010621    .0101768
midonsp3 |   -.001982   .0010786     -1.838   0.066       -.004096     .000132
hegGDP_1 |  -14.78747   5.221732     -2.832   0.005      -25.02188   -4.553065
   mppta |  -.2928311   .5691461     -0.515   0.607      -1.408337    .8226748
 ptaconc |  -2.200715   1.022913     -2.151   0.031      -4.205587   -.1958436
   _cons |   .3903936   1.512002      0.258   0.796      -2.573075    3.353863
------------------------------------------------------------------------------

1


16


**more MLOGIT Wald Tests
. test [1]pt2dydtr+[1]dydtrde = [2]pt2dydtr + [2]dydtrde

 ( 1)  [1]dydtrde + [1]pt2dydtr - [2]dydtrde - [2]pt2dydtr = 0.0

           chi2(  1) =    0.67
         Prob > chi2 =    0.4137


. test [1]ptntflyr2+[1]pt2dydtr*10317+[1]pt2GDPs*4381020+[1]pt2GDPl*230000000 =
>  [2]ptntflyr2 + [2]pt2dydtr*10317+[2]pt2GDPs*4381020+[2]pt2GDPl*230000000
ptntflyr2 not found
r(111);

. test [1]ptntfly2+[1]pt2dydtr*10317+[1]pt2GDPs*4381020+[1]pt2GDPl*230000000 = 
> [2]ptntfly2 + [2]pt2dydtr*10317+[2]pt2GDPs*4381020+[2]pt2GDPl*230000000

 ( 1)  [1]ptntfly2 + 4381020 [1]pt2GDPs + 2.30e+08 [1]pt2GDPl + 10317.0 [1]pt2d
> ydtr - [2]ptntfly2 - 4381020 [2]pt2GDPs - 2.30e+08 [2]pt2GDPl - 10317.0 [2]pt
> 2dydtr = 0.0

           chi2(  1) =    0.00
         Prob > chi2 =    0.9789


. *that was all at low
. * now trade at median
. test [1]ptntfly2+[1]pt2dydtr*86452+[1]pt2GDPs*4381020+[1]pt2GDPl*230000000 = 
> [2]ptntfly2 + [2]pt2dydtr*86452+[2]pt2GDPs*4381020+[2]pt2GDPl*230000000

 ( 1)  [1]ptntfly2 + 4381020 [1]pt2GDPs + 2.30e+08 [1]pt2GDPl + 86452.0 [1]pt2d
> ydtr - [2]ptntfly2 - 4381020 [2]pt2GDPs - 2.30e+08 [2]pt2GDPl - 86452.0 [2]pt
> 2dydtr = 0.0

           chi2(  1) =    0.00
         Prob > chi2 =    0.9947


. *now trade @ max
. test [1]ptntfly2+[1]pt2dydtr*469837+[1]pt2GDPs*4381020+[1]pt2GDPl*230000000 =
>  [2]ptntfly2 + [2]pt2dydtr*469837+[2]pt2GDPs*4381020+[2]pt2GDPl*230000000

 ( 1)  [1]ptntfly2 + 4381020 [1]pt2GDPs + 2.30e+08 [1]pt2GDPl + 469837.0 [1]pt2
> dydtr - [2]ptntfly2 - 4381020 [2]pt2GDPs - 2.30e+08 [2]pt2GDPl - 469837.0 [2]
> pt2dydtr = 0.0

           chi2(  1) =    0.01
         Prob > chi2 =    0.9286


. *now trade @ median - GDPs median
. test [1]ptntfly2+[1]pt2dydtr*86452+[1]pt2GDPs*14900000+[1]pt2GDPl*512000000 =
>  [2]ptntfly2 + [2]pt2dydtr*86452+[2]pt2GDPs*14900000+[2]pt2GDPl*512000000

 ( 1)  [1]ptntfly2 + 1.49e+07 [1]pt2GDPs + 5.12e+08 [1]pt2GDPl + 86452.0 [1]pt2
> dydtr - [2]ptntfly2 - 1.49e+07 [2]pt2GDPs - 5.12e+08 [2]pt2GDPl - 86452.0 [2]
> pt2dydtr = 0.0

           chi2(  1) =    0.03
         Prob > chi2 =    0.8649


. *now trade @ 75 - GDPs median
. test [1]ptntfly2+[1]pt2dydtr*469837+[1]pt2GDPs*14900000+[1]pt2GDPl*512000000 
> = [2]ptntfly2 + [2]pt2dydtr*469837+[2]pt2GDPs*14900000+[2]pt2GDPl*512000000

 ( 1)  [1]ptntfly2 + 1.49e+07 [1]pt2GDPs + 5.12e+08 [1]pt2GDPl + 469837.0 [1]pt
> 2dydtr - [2]ptntfly2 - 1.49e+07 [2]pt2GDPs - 5.12e+08 [2]pt2GDPl - 469837.0 [
> 2]pt2dydtr = 0.0

           chi2(  1) =    0.01
         Prob > chi2 =    0.9157


. *now trade @ 25 - GDPs median
. test [1]ptntfly2+[1]pt2dydtr*10317+[1]pt2GDPs*14900000+[1]pt2GDPl*512000000 =
>  [2]ptntfly2 + [2]pt2dydtr*10317+[2]pt2GDPs*14900000+[2]pt2GDPl*512000000

 ( 1)  [1]ptntfly2 + 1.49e+07 [1]pt2GDPs + 5.12e+08 [1]pt2GDPl + 10317.0 [1]pt2
> dydtr - [2]ptntfly2 - 1.49e+07 [2]pt2GDPs - 5.12e+08 [2]pt2GDPl - 10317.0 [2]
> pt2dydtr = 0.0

           chi2(  1) =    0.03
         Prob > chi2 =    0.8548


. *now trade @ 25 - GDPs 75%
. test [1]ptntfly2+[1]pt2dydtr*10317+[1]pt2GDPs*50800000+[1]pt2GDPl*979000000 =
>  [2]ptntfly2 + [2]pt2dydtr*10317+[2]pt2GDPs*50800000+[2]pt2GDPl*979000000

 ( 1)  [1]ptntfly2 + 5.08e+07 [1]pt2GDPs + 9.79e+08 [1]pt2GDPl + 10317.0 [1]pt2
> dydtr - [2]ptntfly2 - 5.08e+07 [2]pt2GDPs - 9.79e+08 [2]pt2GDPl - 10317.0 [2]
> pt2dydtr = 0.0

           chi2(  1) =    0.05
         Prob > chi2 =    0.8283


. *now trade @ 50 - GDPs 75%
. test [1]ptntfly2+[1]pt2dydtr*86452+[1]pt2GDPs*50800000+[1]pt2GDPl*979000000 =
>  [2]ptntfly2 + [2]pt2dydtr*86452+[2]pt2GDPs*50800000+[2]pt2GDPl*979000000

 ( 1)  [1]ptntfly2 + 5.08e+07 [1]pt2GDPs + 9.79e+08 [1]pt2GDPl + 86452.0 [1]pt2
> dydtr - [2]ptntfly2 - 5.08e+07 [2]pt2GDPs - 9.79e+08 [2]pt2GDPl - 86452.0 [2]
> pt2dydtr = 0.0

           chi2(  1) =    0.04
         Prob > chi2 =    0.8338


. *now trade @ 75 - GDPs 75%
. test [1]ptntfly2+[1]pt2dydtr*469837+[1]pt2GDPs*50800000+[1]pt2GDPl*979000000 
> = [2]ptntfly2 + [2]pt2dydtr*469837+[2]pt2GDPs*50800000+[2]pt2GDPl*979000000

 ( 1)  [1]ptntfly2 + 5.08e+07 [1]pt2GDPs + 9.79e+08 [1]pt2GDPl + 469837.0 [1]pt
> 2dydtr - [2]ptntfly2 - 5.08e+07 [2]pt2GDPs - 9.79e+08 [2]pt2GDPl - 469837.0 [
> 2]pt2dydtr = 0.0

           chi2(  1) =    0.03
         Prob > chi2 =    0.8617


. log close
